../Core/Src/main.c:82:5:main	16	static
../Core/Src/main.c:136:6:SystemClock_Config	88	static
../Core/Src/main.c:184:13:MX_USART2_UART_Init	8	static
../Core/Src/main.c:217:13:MX_GPIO_Init	48	static
../Core/Src/main.c:256:6:DWT_Init	4	static
../Core/Src/main.c:268:6:usDelay	24	static
../Core/Src/main.c:275:6:SRF_Task	24	static
../Core/Src/main.c:306:6:DataProcess_Task	24	static
../Core/Src/main.c:340:6:HAL_TIM_PeriodElapsedCallback	16	static
../Core/Src/main.c:357:6:Error_Handler	4	static,ignoring_inline_asm
